// Jest Snapshot v1, https://goo.gl/fbAQLP

exports[`<Search /> should match the snapshot 1`] = `"<div class=\\"makeStyles-container-4\\"><div class=\\"makeStyles-searchOptions-6\\"><h6 class=\\"MuiTypography-root MuiTypography-subtitle2\\">Search by </h6><div role=\\"group\\" class=\\"MuiToggleButtonGroup-root\\"><button class=\\"MuiButtonBase-root MuiToggleButton-root MuiToggleButtonGroup-grouped MuiToggleButtonGroup-groupedHorizontal Mui-selected MuiToggleButton-sizeSmall\\" tabindex=\\"0\\" type=\\"button\\" value=\\"intitle\\" aria-pressed=\\"true\\"><span class=\\"MuiToggleButton-label\\">Title</span></button><button class=\\"MuiButtonBase-root MuiToggleButton-root MuiToggleButtonGroup-grouped MuiToggleButtonGroup-groupedHorizontal MuiToggleButton-sizeSmall\\" tabindex=\\"0\\" type=\\"button\\" value=\\"inauthor\\" aria-pressed=\\"false\\"><span class=\\"MuiToggleButton-label\\">Author</span></button></div></div><form autoComplete=\\"off\\"><div class=\\"makeStyles-searchContainer-5\\"><div class=\\"MuiFormControl-root MuiTextField-root MuiFormControl-fullWidth\\"><label class=\\"MuiFormLabel-root MuiInputLabel-root MuiInputLabel-formControl MuiInputLabel-animated MuiInputLabel-outlined Mui-required Mui-required\\" data-shrink=\\"false\\" for=\\"search-books\\" id=\\"search-books-label\\">Search books<span aria-hidden=\\"true\\" class=\\"MuiFormLabel-asterisk MuiInputLabel-asterisk\\"> *</span></label><div class=\\"MuiInputBase-root MuiOutlinedInput-root MuiInputBase-fullWidth MuiInputBase-formControl MuiInputBase-adornedEnd MuiOutlinedInput-adornedEnd\\"><input type=\\"text\\" aria-invalid=\\"false\\" id=\\"search-books\\" required=\\"\\" value=\\"\\" class=\\"MuiInputBase-input MuiOutlinedInput-input MuiInputBase-inputAdornedEnd MuiOutlinedInput-inputAdornedEnd\\"/><div class=\\"MuiInputAdornment-root MuiInputAdornment-positionEnd\\"><p class=\\"MuiTypography-root MuiTypography-body1 MuiTypography-colorTextSecondary\\"></p></div><fieldset aria-hidden=\\"true\\" class=\\"PrivateNotchedOutline-root-9 MuiOutlinedInput-notchedOutline\\"><legend class=\\"PrivateNotchedOutline-legendLabelled-11\\"><span>Search books *</span></legend></fieldset></div></div><button class=\\"MuiButtonBase-root MuiButton-root MuiButton-text\\" tabindex=\\"0\\" type=\\"submit\\"><span class=\\"MuiButton-label\\"><svg class=\\"MuiSvgIcon-root\\" focusable=\\"false\\" viewBox=\\"0 0 24 24\\" aria-hidden=\\"true\\"><path d=\\"M15.5 14h-.79l-.28-.27C15.41 12.59 16 11.11 16 9.5 16 5.91 13.09 3 9.5 3S3 5.91 3 9.5 5.91 16 9.5 16c1.61 0 3.09-.59 4.23-1.57l.27.28v.79l5 4.99L20.49 19l-4.99-5zm-6 0C7.01 14 5 11.99 5 9.5S7.01 5 9.5 5 14 7.01 14 9.5 11.99 14 9.5 14z\\"></path></svg></span></button></div><p class=\\"MuiFormHelperText-root makeStyles-helperText-2\\">*Search by title or author.<img class=\\"makeStyles-image-3\\" src=\\"google-attribution.png\\" alt=\\"Powered by Google\\"/></p></form></div>"`;
